// Jest Snapshot v1, https://goo.gl/fbAQLP

exports[`Simple test of App.js 1`] = `
<div
  className="App"
>
  <h1>
    Hello !
  </h1>
  <h2>
    Counter = 
    0
  </h2>
  <button
    onClick={[Function]}
  >
    +
  </button>
  <button
    onClick={[Function]}
  >
    -
  </button>
</div>
`;

exports[`Tests of App.js do a simple snaptshot of App.js 1`] = `
<div
  className="App"
>
  <h1>
    Hello !
  </h1>
  <h2>
    Counter = 
    0
  </h2>
  <button
    onClick={[Function]}
  >
    +
  </button>
  <button
    onClick={[Function]}
  >
    -
  </button>
</div>
`;
